19:04:51 **** Incremental Build of configuration Debug for project nnp_test ****
make pre-build main-build 
sdsoc_make_clean Debug
' '
'Building file: ../src/davis_simple.cpp'
'Invoking: SDS++ Compiler'
sds++ -Wall -O0 -g -I"../src" -I../libs/sds_utils -I"E:\workspace\xfopencv\include" -I"E:\sdk_petalinux_2018_2_roofs\caer_include" -c -fmessage-length=0 -MT"src/davis_simple.o" -Wno-overloaded-virtual -Wno-unused-label -Wno-strict-overflow -Wno-uninitialized -Wno-unused-function -Wno-unused-variable -Wno-unknown-attributes -Wno-unused-local-typedefs -Wno-sign-compare -MMD -MP -MF"src/davis_simple.d" -MT"src/davis_simple.o" -o "src/davis_simple.o" "../src/davis_simple.cpp" -sds-hw DenseNonPyrLKOpticalFlow xf_dense_npyr_optical_flow.hpp  -clkid 0 -sds-end -sds-sys-config linux -sds-proc linux -sds-pf "D:\Xilinx\my_SDx_platforms\nnp_stream"
Create data motion intermediate representation

E:\xfOpenCV\wksp_2018_1\nnp_test\Debug>D:\Xilinx\SDx\2018.1\llvm-clang\win64\llvm\bin\clang.exe -I../src -I../libs/sds_utils -IE:\workspace\xfopencv\include -IE:\sdk_petalinux_2018_2_roofs\caer_include -Wall -g -fmessage-length=0 -Wno-overloaded-virtual -Wno-unused-label -Wno-strict-overflow -Wno-uninitialized -Wno-unused-function -Wno-unused-variable -Wno-unknown-attributes -Wno-unused-local-typedefs -Wno-sign-compare -MMD -MP -D __SDSCC__ -target arm-linux-gnueabihf -mcpu=cortex-a9 -mfpu=vfpv3 -mfloat-abi=hard -O0 -g -I D:/Xilinx/SDx/2018.1/target/aarch32-linux/include -D HLS_NO_XIL_FPO_LIB -I D:/Xilinx/Vivado/2018.1/include -ID:/Xilinx/SDK/2018.1/gnu/aarch32/nt/gcc-arm-linux-gnueabi/arm-linux-gnueabihf/include/c++/7.2.1 -ID:/Xilinx/SDK/2018.1/gnu/aarch32/nt/gcc-arm-linux-gnueabi/arm-linux-gnueabihf/include/c++/7.2.1/arm-linux-gnueabihf -ID:/Xilinx/SDK/2018.1/gnu/aarch32/nt/gcc-arm-linux-gnueabi/arm-linux-gnueabihf/include/c++/7.2.1/backward -ID:/Xilinx/SDK/2018.1/gnu/aarch32/nt/gcc-arm-linux-gnueabi/lib/gcc/arm-linux-gnueabihf/7.2.1/include -ID:/Xilinx/SDK/2018.1/gnu/aarch32/nt/gcc-arm-linux-gnueabi/lib/gcc/arm-linux-gnueabihf/7.2.1/include-fixed -ID:/Xilinx/SDK/2018.1/gnu/aarch32/nt/gcc-arm-linux-gnueabi/arm-linux-gnueabihf/include -ID:/Xilinx/SDK/2018.1/gnu/aarch32/nt/gcc-arm-linux-gnueabi/arm-linux-gnueabihf/libc/usr/include -std=c++11 -emit-llvm -S E:/xfOpenCV/wksp_2018_1/nnp_test/src/davis_simple.cpp -o E:/xfOpenCV/wksp_2018_1/nnp_test/Debug/_sds/.llvm/src/davis_simple.s 

E:\xfOpenCV\wksp_2018_1\nnp_test\Debug>exit /b 0 
Compiling E:/xfOpenCV/wksp_2018_1/nnp_test/src/davis_simple.cpp
                 from E:\workspace\xfopencv\include/common/xf_sw_utils.h:33,
                 from E:/xfOpenCV/wksp_2018_1/nnp_test/src/xf_headers.h:58,
                 from E:/xfOpenCV/wksp_2018_1/nnp_test/src/davis_simple.cpp:5:
D:/Xilinx/Vivado/2018.1/include/etc/ap_private.h: In instantiation of 'void ap_private<_AP_W, _AP_S, true>::clearUnusedBits() [with int _AP_W = 1; bool _AP_S = false]':
D:/Xilinx/Vivado/2018.1/include/etc/ap_private.h:1625:5:   required from 'ap_private<_AP_W, _AP_S, true>::ap_private(bool) [with int _AP_W = 1; bool _AP_S = false]'
D:/Xilinx/Vivado/2018.1/include/etc/ap_fixed_sim.h:2439:1:   required from here
D:/Xilinx/Vivado/2018.1/include/etc/ap_private.h:2089:98: warning: enum constant in boolean context [-Wint-in-bool-context]
D:/Xilinx/Vivado/2018.1/include/etc/ap_private.h: In instantiation of 'void ap_private<_AP_W, _AP_S, true>::clearUnusedBits() [with int _AP_W = 8; bool _AP_S = true]':
D:/Xilinx/Vivado/2018.1/include/etc/ap_private.h:1626:5:   required from 'ap_private<_AP_W, _AP_S, true>::ap_private(signed char) [with int _AP_W = 8; bool _AP_S = true]'
D:/Xilinx/Vivado/2018.1/include/etc/ap_fixed_sim.h:2440:1:   required from here
D:/Xilinx/Vivado/2018.1/include/etc/ap_private.h:2089:98: warning: enum constant in boolean context [-Wint-in-bool-context]
D:/Xilinx/Vivado/2018.1/include/etc/ap_private.h: In instantiation of 'void ap_private<_AP_W, _AP_S, true>::clearUnusedBits() [with int _AP_W = 8; bool _AP_S = false]':
D:/Xilinx/Vivado/2018.1/include/etc/ap_private.h:1626:5:   required from 'ap_private<_AP_W, _AP_S, true>::ap_private(signed char) [with int _AP_W = 8; bool _AP_S = false]'
D:/Xilinx/Vivado/2018.1/include/etc/ap_fixed_sim.h:2440:1:   required from here
D:/Xilinx/Vivado/2018.1/include/etc/ap_private.h:2089:98: warning: enum constant in boolean context [-Wint-in-bool-context]
D:/Xilinx/Vivado/2018.1/include/etc/ap_private.h: In instantiation of 'void ap_private<_AP_W, _AP_S, true>::clearUnusedBits() [with int _AP_W = 16; bool _AP_S = true]':
D:/Xilinx/Vivado/2018.1/include/etc/ap_private.h:1628:5:   required from 'ap_private<_AP_W, _AP_S, true>::ap_private(short int) [with int _AP_W = 16; bool _AP_S = true]'
D:/Xilinx/Vivado/2018.1/include/etc/ap_fixed_sim.h:2442:1:   required from here
D:/Xilinx/Vivado/2018.1/include/etc/ap_private.h:2089:98: warning: enum constant in boolean context [-Wint-in-bool-context]
D:/Xilinx/Vivado/2018.1/include/etc/ap_private.h: In instantiation of 'void ap_private<_AP_W, _AP_S, true>::clearUnusedBits() [with int _AP_W = 16; bool _AP_S = false]':
D:/Xilinx/Vivado/2018.1/include/etc/ap_private.h:1628:5:   required from 'ap_private<_AP_W, _AP_S, true>::ap_private(short int) [with int _AP_W = 16; bool _AP_S = false]'
D:/Xilinx/Vivado/2018.1/include/etc/ap_fixed_sim.h:2442:1:   required from here
D:/Xilinx/Vivado/2018.1/include/etc/ap_private.h:2089:98: warning: enum constant in boolean context [-Wint-in-bool-context]
D:/Xilinx/Vivado/2018.1/include/etc/ap_private.h: In instantiation of 'void ap_private<_AP_W, _AP_S, true>::clearUnusedBits() [with int _AP_W = 32; bool _AP_S = true]':
D:/Xilinx/Vivado/2018.1/include/etc/ap_private.h:1624:5:   required from 'ap_private<_AP_W, _AP_S, true>::ap_private(int) [with int _AP_W = 32; bool _AP_S = true]'
D:/Xilinx/Vivado/2018.1/include/etc/ap_fixed_sim.h:2444:1:   required from here
D:/Xilinx/Vivado/2018.1/include/etc/ap_private.h:2089:98: warning: enum constant in boolean context [-Wint-in-bool-context]
D:/Xilinx/Vivado/2018.1/include/etc/ap_private.h: In instantiation of 'void ap_private<_AP_W, _AP_S, true>::clearUnusedBits() [with int _AP_W = 32; bool _AP_S = false]':
D:/Xilinx/Vivado/2018.1/include/etc/ap_private.h:1624:5:   required from 'ap_private<_AP_W, _AP_S, true>::ap_private(int) [with int _AP_W = 32; bool _AP_S = false]'
D:/Xilinx/Vivado/2018.1/include/etc/ap_fixed_sim.h:2444:1:   required from here
D:/Xilinx/Vivado/2018.1/include/etc/ap_private.h:2089:98: warning: enum constant in boolean context [-Wint-in-bool-context]
D:/Xilinx/Vivado/2018.1/include/etc/ap_private.h: In instantiation of 'void ap_private<_AP_W, _AP_S, true>::clearUnusedBits() [with int _AP_W = 24; bool _AP_S = false]':
D:/Xilinx/Vivado/2018.1/include/etc/ap_private.h:1614:24:   required from 'ap_private<_AP_W, _AP_S, true>::ap_private() [with int _AP_W = 24; bool _AP_S = false]'
D:/Xilinx/Vivado/2018.1/include/ap_int.h:207:26:   required from 'ap_uint<_AP_W>::ap_uint() [with int _AP_W = 24]'
E:\workspace\xfopencv\include/common/xf_structs.h:570:15:   required from 'void xf::Mat<T, ROWS, COLS, NPC>::copyTo(void*) [with int T = 0; int ROWS = 2160; int COLS = 3840; int NPC = 1]'
E:/xfOpenCV/wksp_2018_1/nnp_test/src/davis_simple.cpp:86:25:   required from here
D:/Xilinx/Vivado/2018.1/include/etc/ap_private.h:2089:98: warning: enum constant in boolean context [-Wint-in-bool-context]
cc1plus.exe: warning: unrecognized command line option '-Wno-unknown-attributes'
sds++ log file saved as E:/xfOpenCV/wksp_2018_1/nnp_test/Debug/_sds/reports/sds_davis_simple.log

'Finished building: ../src/davis_simple.cpp'
' '
'Building file: ../src/main.cpp'
'Invoking: SDS++ Compiler'
sds++ -Wall -O0 -g -I"../src" -I../libs/sds_utils -I"E:\workspace\xfopencv\include" -I"E:\sdk_petalinux_2018_2_roofs\caer_include" -c -fmessage-length=0 -MT"src/main.o" -Wno-overloaded-virtual -Wno-unused-label -Wno-strict-overflow -Wno-uninitialized -Wno-unused-function -Wno-unused-variable -Wno-unknown-attributes -Wno-unused-local-typedefs -Wno-sign-compare -MMD -MP -MF"src/main.d" -MT"src/main.o" -o "src/main.o" "../src/main.cpp" -sds-hw DenseNonPyrLKOpticalFlow xf_dense_npyr_optical_flow.hpp  -clkid 0 -sds-end -sds-sys-config linux -sds-proc linux -sds-pf "D:\Xilinx\my_SDx_platforms\nnp_stream"
Create data motion intermediate representation

E:\xfOpenCV\wksp_2018_1\nnp_test\Debug>D:\Xilinx\SDx\2018.1\llvm-clang\win64\llvm\bin\clang.exe -I../src -I../libs/sds_utils -IE:\workspace\xfopencv\include -IE:\sdk_petalinux_2018_2_roofs\caer_include -Wall -g -fmessage-length=0 -Wno-overloaded-virtual -Wno-unused-label -Wno-strict-overflow -Wno-uninitialized -Wno-unused-function -Wno-unused-variable -Wno-unknown-attributes -Wno-unused-local-typedefs -Wno-sign-compare -MMD -MP -D __SDSCC__ -target arm-linux-gnueabihf -mcpu=cortex-a9 -mfpu=vfpv3 -mfloat-abi=hard -O0 -g -I D:/Xilinx/SDx/2018.1/target/aarch32-linux/include -D HLS_NO_XIL_FPO_LIB -I D:/Xilinx/Vivado/2018.1/include -ID:/Xilinx/SDK/2018.1/gnu/aarch32/nt/gcc-arm-linux-gnueabi/arm-linux-gnueabihf/include/c++/7.2.1 -ID:/Xilinx/SDK/2018.1/gnu/aarch32/nt/gcc-arm-linux-gnueabi/arm-linux-gnueabihf/include/c++/7.2.1/arm-linux-gnueabihf -ID:/Xilinx/SDK/2018.1/gnu/aarch32/nt/gcc-arm-linux-gnueabi/arm-linux-gnueabihf/include/c++/7.2.1/backward -ID:/Xilinx/SDK/2018.1/gnu/aarch32/nt/gcc-arm-linux-gnueabi/lib/gcc/arm-linux-gnueabihf/7.2.1/include -ID:/Xilinx/SDK/2018.1/gnu/aarch32/nt/gcc-arm-linux-gnueabi/lib/gcc/arm-linux-gnueabihf/7.2.1/include-fixed -ID:/Xilinx/SDK/2018.1/gnu/aarch32/nt/gcc-arm-linux-gnueabi/arm-linux-gnueabihf/include -ID:/Xilinx/SDK/2018.1/gnu/aarch32/nt/gcc-arm-linux-gnueabi/arm-linux-gnueabihf/libc/usr/include -std=c++11 -emit-llvm -S E:/xfOpenCV/wksp_2018_1/nnp_test/src/main.cpp -o E:/xfOpenCV/wksp_2018_1/nnp_test/Debug/_sds/.llvm/src/main.s 

E:\xfOpenCV\wksp_2018_1\nnp_test\Debug>exit /b 0 
Compiling E:/xfOpenCV/wksp_2018_1/nnp_test/src/main.cpp
D:/Xilinx/Vivado/2018.1/include/etc/ap_private.h: In instantiation of 'void ap_private<_AP_W, _AP_S, true>::clearUnusedBits() [with int _AP_W = 1; bool _AP_S = false]':
D:/Xilinx/Vivado/2018.1/include/etc/ap_private.h:1625:5:   required from 'ap_private<_AP_W, _AP_S, true>::ap_private(bool) [with int _AP_W = 1; bool _AP_S = false]'
D:/Xilinx/Vivado/2018.1/include/etc/ap_fixed_sim.h:2439:1:   required from here
D:/Xilinx/Vivado/2018.1/include/etc/ap_private.h:2089:98: warning: enum constant in boolean context [-Wint-in-bool-context]
D:/Xilinx/Vivado/2018.1/include/etc/ap_private.h: In instantiation of 'void ap_private<_AP_W, _AP_S, true>::clearUnusedBits() [with int _AP_W = 8; bool _AP_S = true]':
D:/Xilinx/Vivado/2018.1/include/etc/ap_private.h:1626:5:   required from 'ap_private<_AP_W, _AP_S, true>::ap_private(signed char) [with int _AP_W = 8; bool _AP_S = true]'
D:/Xilinx/Vivado/2018.1/include/etc/ap_fixed_sim.h:2440:1:   required from here
D:/Xilinx/Vivado/2018.1/include/etc/ap_private.h:2089:98: warning: enum constant in boolean context [-Wint-in-bool-context]
D:/Xilinx/Vivado/2018.1/include/etc/ap_private.h: In instantiation of 'void ap_private<_AP_W, _AP_S, true>::clearUnusedBits() [with int _AP_W = 8; bool _AP_S = false]':
D:/Xilinx/Vivado/2018.1/include/etc/ap_private.h:1626:5:   required from 'ap_private<_AP_W, _AP_S, true>::ap_private(signed char) [with int _AP_W = 8; bool _AP_S = false]'
D:/Xilinx/Vivado/2018.1/include/etc/ap_fixed_sim.h:2440:1:   required from here
D:/Xilinx/Vivado/2018.1/include/etc/ap_private.h:2089:98: warning: enum constant in boolean context [-Wint-in-bool-context]
D:/Xilinx/Vivado/2018.1/include/etc/ap_private.h: In instantiation of 'void ap_private<_AP_W, _AP_S, true>::clearUnusedBits() [with int _AP_W = 16; bool _AP_S = true]':
D:/Xilinx/Vivado/2018.1/include/etc/ap_private.h:1628:5:   required from 'ap_private<_AP_W, _AP_S, true>::ap_private(short int) [with int _AP_W = 16; bool _AP_S = true]'
D:/Xilinx/Vivado/2018.1/include/etc/ap_fixed_sim.h:2442:1:   required from here
D:/Xilinx/Vivado/2018.1/include/etc/ap_private.h:2089:98: warning: enum constant in boolean context [-Wint-in-bool-context]
D:/Xilinx/Vivado/2018.1/include/etc/ap_private.h: In instantiation of 'void ap_private<_AP_W, _AP_S, true>::clearUnusedBits() [with int _AP_W = 16; bool _AP_S = false]':
D:/Xilinx/Vivado/2018.1/include/etc/ap_private.h:1628:5:   required from 'ap_private<_AP_W, _AP_S, true>::ap_private(short int) [with int _AP_W = 16; bool _AP_S = false]'
D:/Xilinx/Vivado/2018.1/include/etc/ap_fixed_sim.h:2442:1:   required from here
D:/Xilinx/Vivado/2018.1/include/etc/ap_private.h:2089:98: warning: enum constant in boolean context [-Wint-in-bool-context]
D:/Xilinx/Vivado/2018.1/include/etc/ap_private.h: In instantiation of 'void ap_private<_AP_W, _AP_S, true>::clearUnusedBits() [with int _AP_W = 32; bool _AP_S = true]':
D:/Xilinx/Vivado/2018.1/include/etc/ap_private.h:1624:5:   required from 'ap_private<_AP_W, _AP_S, true>::ap_private(int) [with int _AP_W = 32; bool _AP_S = true]'
D:/Xilinx/Vivado/2018.1/include/etc/ap_fixed_sim.h:2444:1:   required from here
D:/Xilinx/Vivado/2018.1/include/etc/ap_private.h:2089:98: warning: enum constant in boolean context [-Wint-in-bool-context]
D:/Xilinx/Vivado/2018.1/include/etc/ap_private.h: In instantiation of 'void ap_private<_AP_W, _AP_S, true>::clearUnusedBits() [with int _AP_W = 32; bool _AP_S = false]':
D:/Xilinx/Vivado/2018.1/include/etc/ap_private.h:1624:5:   required from 'ap_private<_AP_W, _AP_S, true>::ap_private(int) [with int _AP_W = 32; bool _AP_S = false]'
D:/Xilinx/Vivado/2018.1/include/etc/ap_fixed_sim.h:2444:1:   required from here
D:/Xilinx/Vivado/2018.1/include/etc/ap_private.h:2089:98: warning: enum constant in boolean context [-Wint-in-bool-context]
D:/Xilinx/Vivado/2018.1/include/etc/ap_private.h: In instantiation of 'void ap_private<_AP_W, _AP_S, true>::clearUnusedBits() [with int _AP_W = 24; bool _AP_S = false]':
D:/Xilinx/Vivado/2018.1/include/etc/ap_private.h:1614:24:   required from 'ap_private<_AP_W, _AP_S, true>::ap_private() [with int _AP_W = 24; bool _AP_S = false]'
D:/Xilinx/Vivado/2018.1/include/ap_int.h:207:26:   required from 'ap_uint<_AP_W>::ap_uint() [with int _AP_W = 24]'
E:\workspace\xfopencv\include/common/xf_structs.h:570:15:   required from 'void xf::Mat<T, ROWS, COLS, NPC>::copyTo(void*) [with int T = 0; int ROWS = 2160; int COLS = 3840; int NPC = 1]'
E:/xfOpenCV/wksp_2018_1/nnp_test/src/main.cpp:176:25:   required from here
D:/Xilinx/Vivado/2018.1/include/etc/ap_private.h:2089:98: warning: enum constant in boolean context [-Wint-in-bool-context]
cc1plus.exe: warning: unrecognized command line option '-Wno-unknown-attributes'
sds++ log file saved as E:/xfOpenCV/wksp_2018_1/nnp_test/Debug/_sds/reports/sds_main.log

'Finished building: ../src/main.cpp'
' '
'Building file: ../src/mmult_accel.cpp'
'Invoking: SDS++ Compiler'
sds++ -Wall -O0 -g -I"../src" -I../libs/sds_utils -I"E:\workspace\xfopencv\include" -I"E:\sdk_petalinux_2018_2_roofs\caer_include" -c -fmessage-length=0 -MT"src/mmult_accel.o" -Wno-overloaded-virtual -Wno-unused-label -Wno-strict-overflow -Wno-uninitialized -Wno-unused-function -Wno-unused-variable -Wno-unknown-attributes -Wno-unused-local-typedefs -Wno-sign-compare -MMD -MP -MF"src/mmult_accel.d" -MT"src/mmult_accel.o" -o "src/mmult_accel.o" "../src/mmult_accel.cpp" -sds-hw DenseNonPyrLKOpticalFlow xf_dense_npyr_optical_flow.hpp  -clkid 0 -sds-end -sds-sys-config linux -sds-proc linux -sds-pf "D:\Xilinx\my_SDx_platforms\nnp_stream"
Create data motion intermediate representation

E:\xfOpenCV\wksp_2018_1\nnp_test\Debug>D:\Xilinx\SDx\2018.1\llvm-clang\win64\llvm\bin\clang.exe -I../src -I../libs/sds_utils -IE:\workspace\xfopencv\include -IE:\sdk_petalinux_2018_2_roofs\caer_include -Wall -g -fmessage-length=0 -Wno-overloaded-virtual -Wno-unused-label -Wno-strict-overflow -Wno-uninitialized -Wno-unused-function -Wno-unused-variable -Wno-unknown-attributes -Wno-unused-local-typedefs -Wno-sign-compare -MMD -MP -D __SDSCC__ -target arm-linux-gnueabihf -mcpu=cortex-a9 -mfpu=vfpv3 -mfloat-abi=hard -O0 -g -I D:/Xilinx/SDx/2018.1/target/aarch32-linux/include -D HLS_NO_XIL_FPO_LIB -I D:/Xilinx/Vivado/2018.1/include -ID:/Xilinx/SDK/2018.1/gnu/aarch32/nt/gcc-arm-linux-gnueabi/arm-linux-gnueabihf/include/c++/7.2.1 -ID:/Xilinx/SDK/2018.1/gnu/aarch32/nt/gcc-arm-linux-gnueabi/arm-linux-gnueabihf/include/c++/7.2.1/arm-linux-gnueabihf -ID:/Xilinx/SDK/2018.1/gnu/aarch32/nt/gcc-arm-linux-gnueabi/arm-linux-gnueabihf/include/c++/7.2.1/backward -ID:/Xilinx/SDK/2018.1/gnu/aarch32/nt/gcc-arm-linux-gnueabi/lib/gcc/arm-linux-gnueabihf/7.2.1/include -ID:/Xilinx/SDK/2018.1/gnu/aarch32/nt/gcc-arm-linux-gnueabi/lib/gcc/arm-linux-gnueabihf/7.2.1/include-fixed -ID:/Xilinx/SDK/2018.1/gnu/aarch32/nt/gcc-arm-linux-gnueabi/arm-linux-gnueabihf/include -ID:/Xilinx/SDK/2018.1/gnu/aarch32/nt/gcc-arm-linux-gnueabi/arm-linux-gnueabihf/libc/usr/include -std=c++11 -emit-llvm -S E:/xfOpenCV/wksp_2018_1/nnp_test/src/mmult_accel.cpp -o E:/xfOpenCV/wksp_2018_1/nnp_test/Debug/_sds/.llvm/src/mmult_accel.s 

E:\xfOpenCV\wksp_2018_1\nnp_test\Debug>exit /b 0 
Compiling E:/xfOpenCV/wksp_2018_1/nnp_test/src/mmult_accel.cpp
sds++ log file saved as E:/xfOpenCV/wksp_2018_1/nnp_test/Debug/_sds/reports/sds_mmult_accel.log

'Finished building: ../src/mmult_accel.cpp'
' '
'Building file: ../src/xf_dense_npyr_optical_flow_accel.cpp'
'Invoking: SDS++ Compiler'
sds++ -Wall -O0 -g -I"../src" -I../libs/sds_utils -I"E:\workspace\xfopencv\include" -I"E:\sdk_petalinux_2018_2_roofs\caer_include" -c -fmessage-length=0 -MT"src/xf_dense_npyr_optical_flow_accel.o" -Wno-overloaded-virtual -Wno-unused-label -Wno-strict-overflow -Wno-uninitialized -Wno-unused-function -Wno-unused-variable -Wno-unknown-attributes -Wno-unused-local-typedefs -Wno-sign-compare -MMD -MP -MF"src/xf_dense_npyr_optical_flow_accel.d" -MT"src/xf_dense_npyr_optical_flow_accel.o" -o "src/xf_dense_npyr_optical_flow_accel.o" "../src/xf_dense_npyr_optical_flow_accel.cpp" -sds-hw DenseNonPyrLKOpticalFlow xf_dense_npyr_optical_flow.hpp  -clkid 0 -sds-end -sds-sys-config linux -sds-proc linux -sds-pf "D:\Xilinx\my_SDx_platforms\nnp_stream"
Create data motion intermediate representation

E:\xfOpenCV\wksp_2018_1\nnp_test\Debug>D:\Xilinx\SDx\2018.1\llvm-clang\win64\llvm\bin\clang.exe -I../src -I../libs/sds_utils -IE:\workspace\xfopencv\include -IE:\sdk_petalinux_2018_2_roofs\caer_include -Wall -g -fmessage-length=0 -Wno-overloaded-virtual -Wno-unused-label -Wno-strict-overflow -Wno-uninitialized -Wno-unused-function -Wno-unused-variable -Wno-unknown-attributes -Wno-unused-local-typedefs -Wno-sign-compare -MMD -MP -D __SDSCC__ -target arm-linux-gnueabihf -mcpu=cortex-a9 -mfpu=vfpv3 -mfloat-abi=hard -O0 -g -I D:/Xilinx/SDx/2018.1/target/aarch32-linux/include -D HLS_NO_XIL_FPO_LIB -I D:/Xilinx/Vivado/2018.1/include -ID:/Xilinx/SDK/2018.1/gnu/aarch32/nt/gcc-arm-linux-gnueabi/arm-linux-gnueabihf/include/c++/7.2.1 -ID:/Xilinx/SDK/2018.1/gnu/aarch32/nt/gcc-arm-linux-gnueabi/arm-linux-gnueabihf/include/c++/7.2.1/arm-linux-gnueabihf -ID:/Xilinx/SDK/2018.1/gnu/aarch32/nt/gcc-arm-linux-gnueabi/arm-linux-gnueabihf/include/c++/7.2.1/backward -ID:/Xilinx/SDK/2018.1/gnu/aarch32/nt/gcc-arm-linux-gnueabi/lib/gcc/arm-linux-gnueabihf/7.2.1/include -ID:/Xilinx/SDK/2018.1/gnu/aarch32/nt/gcc-arm-linux-gnueabi/lib/gcc/arm-linux-gnueabihf/7.2.1/include-fixed -ID:/Xilinx/SDK/2018.1/gnu/aarch32/nt/gcc-arm-linux-gnueabi/arm-linux-gnueabihf/include -ID:/Xilinx/SDK/2018.1/gnu/aarch32/nt/gcc-arm-linux-gnueabi/arm-linux-gnueabihf/libc/usr/include -std=c++11 -emit-llvm -S E:/xfOpenCV/wksp_2018_1/nnp_test/src/xf_dense_npyr_optical_flow_accel.cpp -o E:/xfOpenCV/wksp_2018_1/nnp_test/Debug/_sds/.llvm/src/xf_dense_npyr_optical_flow_accel.s 
E:\workspace\xfopencv\include\imgproc/xf_dense_npyr_optical_flow.hpp:114:5: warning: array index 1 is past the end of the array (which contains 1 element) [-Warray-bounds]
                  tmpData. data [1] = t >> 8;
                  ^              ~
E:\workspace\xfopencv\include\imgproc/xf_dense_npyr_optical_flow.hpp:636:4: note: in instantiation of function template specialization 'xf::readMatRows16<2160, 3840, 1, 25>' requested here
          readMatRows16<ROWS, COLS, NPC, WINDOW_SIZE> (frame0, f0Stream, rows, cols, size);
          ^
E:\workspace\xfopencv\include\imgproc/xf_dense_npyr_optical_flow.hpp:668:4: note: in instantiation of function template specialization 'xf::flowWrap16<2160, 3840, 1, 25>' requested here
          flowWrap16<ROWS, COLS, NPC, WINDOW_SIZE> (frame0, frame1, flowx, flowy, rows, cols, size);
          ^
E:\workspace\xfopencv\include\imgproc/xf_dense_npyr_optical_flow.hpp:1093:3: note: in instantiation of function template specialization 'xf::fpga_optflow16<2160, 3840, 1, 25>' requested here
                fpga_optflow16 <ROWS, COLS, NPC, WINDOW_SIZE> ( (ap_uint<16> *) frame0.data, (ap_uint<16> *) frame1.data, (ap_uint<64> *)flowx.data, (ap_uint<64> *)flowy.data, frame0.rows, frame0.cols, frame0.size);
                ^
E:/xfOpenCV/wksp_2018_1/nnp_test/src/xf_dense_npyr_optical_flow_accel.cpp:34:6: note: in instantiation of function template specialization 'xf::DenseNonPyrLKOpticalFlow<25, 0, 2160, 3840, 1>' requested here
        xf::DenseNonPyrLKOpticalFlow<KMED, XF_8UC1, MAX_HEIGHT, MAX_WIDTH, NPPC>(buf0, buf1, flowx, flowy);
            ^
E:\workspace\xfopencv\include\imgproc/xf_dense_npyr_optical_flow_types.h:37:7: note: array 'data' declared here
      pix_t data [BYTES_PER_CYCLE];
      ^
E:\workspace\xfopencv\include\imgproc/xf_dense_npyr_optical_flow.hpp:571:4: warning: array index 1 is past the end of the array (which contains 1 element) [-Warray-bounds]
          tmpClr. data [1] = 0;
          ^             ~
E:\workspace\xfopencv\include\imgproc/xf_dense_npyr_optical_flow.hpp:639:4: note: in instantiation of function template specialization 'xf::lbWrapper16<2160, 3840, 1, 25>' requested here
          lbWrapper16<ROWS, COLS, NPC, WINDOW_SIZE> (f0Stream, f1Stream, img1Col, img2Col, rows, cols, size);
          ^
E:\workspace\xfopencv\include\imgproc/xf_dense_npyr_optical_flow.hpp:668:4: note: in instantiation of function template specialization 'xf::flowWrap16<2160, 3840, 1, 25>' requested here
          flowWrap16<ROWS, COLS, NPC, WINDOW_SIZE> (frame0, frame1, flowx, flowy, rows, cols, size);
          ^
E:\workspace\xfopencv\include\imgproc/xf_dense_npyr_optical_flow.hpp:1093:3: note: in instantiation of function template specialization 'xf::fpga_optflow16<2160, 3840, 1, 25>' requested here
                fpga_optflow16 <ROWS, COLS, NPC, WINDOW_SIZE> ( (ap_uint<16> *) frame0.data, (ap_uint<16> *) frame1.data, (ap_uint<64> *)flowx.data, (ap_uint<64> *)flowy.data, frame0.rows, frame0.cols, frame0.size);
                ^
E:/xfOpenCV/wksp_2018_1/nnp_test/src/xf_dense_npyr_optical_flow_accel.cpp:34:6: note: in instantiation of function template specialization 'xf::DenseNonPyrLKOpticalFlow<25, 0, 2160, 3840, 1>' requested here
        xf::DenseNonPyrLKOpticalFlow<KMED, XF_8UC1, MAX_HEIGHT, MAX_WIDTH, NPPC>(buf0, buf1, flowx, flowy);
            ^
E:\workspace\xfopencv\include\imgproc/xf_dense_npyr_optical_flow_types.h:37:7: note: array 'data' declared here
      pix_t data [BYTES_PER_CYCLE];
      ^
E:\workspace\xfopencv\include\imgproc/xf_dense_npyr_optical_flow.hpp:299:19: warning: array index 1 is past the end of the array (which contains 1 element) [-Warray-bounds]
                        img1Col1[wr] = tmp1. data [1];
                                       ^           ~
E:\workspace\xfopencv\include\imgproc/xf_dense_npyr_optical_flow.hpp:640:4: note: in instantiation of function template specialization 'xf::computeSums16<2160, 3840, 1, 25>' requested here
          computeSums16<ROWS, COLS, NPC, WINDOW_SIZE> (img1Col, img2Col, 
          ^
E:\workspace\xfopencv\include\imgproc/xf_dense_npyr_optical_flow.hpp:668:4: note: in instantiation of function template specialization 'xf::flowWrap16<2160, 3840, 1, 25>' requested here
          flowWrap16<ROWS, COLS, NPC, WINDOW_SIZE> (frame0, frame1, flowx, flowy, rows, cols, size);
          ^
E:\workspace\xfopencv\include\imgproc/xf_dense_npyr_optical_flow.hpp:1093:3: note: in instantiation of function template specialization 'xf::fpga_optflow16<2160, 3840, 1, 25>' requested here
                fpga_optflow16 <ROWS, COLS, NPC, WINDOW_SIZE> ( (ap_uint<16> *) frame0.data, (ap_uint<16> *) frame1.data, (ap_uint<64> *)flowx.data, (ap_uint<64> *)flowy.data, frame0.rows, frame0.cols, frame0.size);
                ^
E:/xfOpenCV/wksp_2018_1/nnp_test/src/xf_dense_npyr_optical_flow_accel.cpp:34:6: note: in instantiation of function template specialization 'xf::DenseNonPyrLKOpticalFlow<25, 0, 2160, 3840, 1>' requested here
        xf::DenseNonPyrLKOpticalFlow<KMED, XF_8UC1, MAX_HEIGHT, MAX_WIDTH, NPPC>(buf0, buf1, flowx, flowy);
            ^
E:\workspace\xfopencv\include\imgproc/xf_dense_npyr_optical_flow_types.h:37:7: note: array 'data' declared here
      pix_t data [BYTES_PER_CYCLE];
      ^
E:\workspace\xfopencv\include\imgproc/xf_dense_npyr_optical_flow.hpp:303:19: warning: array index 1 is past the end of the array (which contains 1 element) [-Warray-bounds]
                        img2Col1[wr] = tmp2. data [1];
                                       ^           ~
E:\workspace\xfopencv\include\imgproc/xf_dense_npyr_optical_flow_types.h:37:7: note: array 'data' declared here
      pix_t data [BYTES_PER_CYCLE];
      ^

E:\xfOpenCV\wksp_2018_1\nnp_test\Debug>exit /b 0 
Compiling E:/xfOpenCV/wksp_2018_1/nnp_test/src/xf_dense_npyr_optical_flow_accel.cpp
                 from E:/xfOpenCV/wksp_2018_1/nnp_test/src/xf_dense_npyr_optical_flow_config.h:34,
                 from E:/xfOpenCV/wksp_2018_1/nnp_test/src/xf_dense_npyr_optical_flow_accel.cpp:30:
D:/Xilinx/Vivado/2018.1/include/etc/ap_private.h: In instantiation of 'void ap_private<_AP_W, _AP_S, true>::clearUnusedBits() [with int _AP_W = 1; bool _AP_S = false]':
D:/Xilinx/Vivado/2018.1/include/etc/ap_private.h:1625:5:   required from 'ap_private<_AP_W, _AP_S, true>::ap_private(bool) [with int _AP_W = 1; bool _AP_S = false]'
D:/Xilinx/Vivado/2018.1/include/etc/ap_fixed_sim.h:2439:1:   required from here
D:/Xilinx/Vivado/2018.1/include/etc/ap_private.h:2089:98: warning: enum constant in boolean context [-Wint-in-bool-context]
D:/Xilinx/Vivado/2018.1/include/etc/ap_private.h: In instantiation of 'void ap_private<_AP_W, _AP_S, true>::clearUnusedBits() [with int _AP_W = 8; bool _AP_S = true]':
D:/Xilinx/Vivado/2018.1/include/etc/ap_private.h:1626:5:   required from 'ap_private<_AP_W, _AP_S, true>::ap_private(signed char) [with int _AP_W = 8; bool _AP_S = true]'
D:/Xilinx/Vivado/2018.1/include/etc/ap_fixed_sim.h:2440:1:   required from here
D:/Xilinx/Vivado/2018.1/include/etc/ap_private.h:2089:98: warning: enum constant in boolean context [-Wint-in-bool-context]
D:/Xilinx/Vivado/2018.1/include/etc/ap_private.h: In instantiation of 'void ap_private<_AP_W, _AP_S, true>::clearUnusedBits() [with int _AP_W = 8; bool _AP_S = false]':
D:/Xilinx/Vivado/2018.1/include/etc/ap_private.h:1626:5:   required from 'ap_private<_AP_W, _AP_S, true>::ap_private(signed char) [with int _AP_W = 8; bool _AP_S = false]'
D:/Xilinx/Vivado/2018.1/include/etc/ap_fixed_sim.h:2440:1:   required from here
D:/Xilinx/Vivado/2018.1/include/etc/ap_private.h:2089:98: warning: enum constant in boolean context [-Wint-in-bool-context]
D:/Xilinx/Vivado/2018.1/include/etc/ap_private.h: In instantiation of 'void ap_private<_AP_W, _AP_S, true>::clearUnusedBits() [with int _AP_W = 16; bool _AP_S = true]':
D:/Xilinx/Vivado/2018.1/include/etc/ap_private.h:1628:5:   required from 'ap_private<_AP_W, _AP_S, true>::ap_private(short int) [with int _AP_W = 16; bool _AP_S = true]'
D:/Xilinx/Vivado/2018.1/include/etc/ap_fixed_sim.h:2442:1:   required from here
D:/Xilinx/Vivado/2018.1/include/etc/ap_private.h:2089:98: warning: enum constant in boolean context [-Wint-in-bool-context]
D:/Xilinx/Vivado/2018.1/include/etc/ap_private.h: In instantiation of 'void ap_private<_AP_W, _AP_S, true>::clearUnusedBits() [with int _AP_W = 16; bool _AP_S = false]':
D:/Xilinx/Vivado/2018.1/include/etc/ap_private.h:1628:5:   required from 'ap_private<_AP_W, _AP_S, true>::ap_private(short int) [with int _AP_W = 16; bool _AP_S = false]'
D:/Xilinx/Vivado/2018.1/include/etc/ap_fixed_sim.h:2442:1:   required from here
D:/Xilinx/Vivado/2018.1/include/etc/ap_private.h:2089:98: warning: enum constant in boolean context [-Wint-in-bool-context]
D:/Xilinx/Vivado/2018.1/include/etc/ap_private.h: In instantiation of 'void ap_private<_AP_W, _AP_S, true>::clearUnusedBits() [with int _AP_W = 32; bool _AP_S = true]':
D:/Xilinx/Vivado/2018.1/include/etc/ap_private.h:1624:5:   required from 'ap_private<_AP_W, _AP_S, true>::ap_private(int) [with int _AP_W = 32; bool _AP_S = true]'
D:/Xilinx/Vivado/2018.1/include/etc/ap_fixed_sim.h:2444:1:   required from here
D:/Xilinx/Vivado/2018.1/include/etc/ap_private.h:2089:98: warning: enum constant in boolean context [-Wint-in-bool-context]
D:/Xilinx/Vivado/2018.1/include/etc/ap_private.h: In instantiation of 'void ap_private<_AP_W, _AP_S, true>::clearUnusedBits() [with int _AP_W = 32; bool _AP_S = false]':
D:/Xilinx/Vivado/2018.1/include/etc/ap_private.h:1624:5:   required from 'ap_private<_AP_W, _AP_S, true>::ap_private(int) [with int _AP_W = 32; bool _AP_S = false]'
D:/Xilinx/Vivado/2018.1/include/etc/ap_fixed_sim.h:2444:1:   required from here
D:/Xilinx/Vivado/2018.1/include/etc/ap_private.h:2089:98: warning: enum constant in boolean context [-Wint-in-bool-context]
cc1plus.exe: warning: unrecognized command line option '-Wno-unknown-attributes'
sds++ log file saved as E:/xfOpenCV/wksp_2018_1/nnp_test/Debug/_sds/reports/sds_xf_dense_npyr_optical_flow_accel.log

'Finished building: ../src/xf_dense_npyr_optical_flow_accel.cpp'
' '
'Building target: nnp_test.elf'
'Invoking: SDS++ Linker'
sds++ --sysroot= -L=/lib -L=/usr/lib -Wl,-rpath-link=/lib,-rpath-link=/usr/lib -sdcard ../data --remote_ip_cache E:/xfOpenCV/wksp_2018_1/ip_cache -o "nnp_test.elf"  ./src/davis_simple.o ./src/main.o ./src/mmult_accel.o ./src/xf_dense_npyr_optical_flow_accel.o   -lopencv_core -lopencv_imgcodecs -lusb-1.0 -lopencv_imgproc -lcaer -dmclkid 2  -sds-sys-config linux -sds-proc linux -sds-pf "D:\Xilinx\my_SDx_platforms\nnp_stream"
Analyzing object files
... E:/xfOpenCV/wksp_2018_1/nnp_test/Debug/src/davis_simple.o
... E:/xfOpenCV/wksp_2018_1/nnp_test/Debug/src/main.o
... E:/xfOpenCV/wksp_2018_1/nnp_test/Debug/src/mmult_accel.o
... E:/xfOpenCV/wksp_2018_1/nnp_test/Debug/src/xf_dense_npyr_optical_flow_accel.o
Using prebuilt hardware
Skipping block diagram (BD), address map, port information and device registration for partition 0
Prepare hardware access API functions
Create accelerator stub functions
Compile hardware access API functions
Compile accelerator stub functions
Enable generation of boot files
Compile hardware access API functions
Link application ELF file
d:/xilinx/sdk/2018.1/gnu/aarch32/nt/gcc-arm-linux-gnueabi/bin/../lib/gcc/arm-linux-gnueabihf/7.2.1/../../../../arm-linux-gnueabihf/bin/ld.exe: cannot find crt1.o: No such file or directory
d:/xilinx/sdk/2018.1/gnu/aarch32/nt/gcc-arm-linux-gnueabi/bin/../lib/gcc/arm-linux-gnueabihf/7.2.1/../../../../arm-linux-gnueabihf/bin/ld.exe: cannot find crti.o: No such file or directory
E:/xfOpenCV/wksp_2018_1/nnp_test/Debug/src/main.o:E:/xfOpenCV/wksp_2018_1/nnp_test/src/xf_headers.h:53: multiple definition of `clock_start'
E:/xfOpenCV/wksp_2018_1/nnp_test/Debug/src/davis_simple.o:E:/xfOpenCV/wksp_2018_1/nnp_test/src/xf_headers.h:53: first defined here
E:/xfOpenCV/wksp_2018_1/nnp_test/Debug/src/main.o:E:/xfOpenCV/wksp_2018_1/nnp_test/src/xf_headers.h:53: multiple definition of `clock_end'
E:/xfOpenCV/wksp_2018_1/nnp_test/Debug/src/davis_simple.o:E:/xfOpenCV/wksp_2018_1/nnp_test/src/xf_headers.h:53: first defined here
E:/xfOpenCV/wksp_2018_1/nnp_test/Debug/src/main.o: In function `main':
E:/xfOpenCV/wksp_2018_1/nnp_test/src/main.cpp:46: multiple definition of `main'
E:/xfOpenCV/wksp_2018_1/nnp_test/Debug/src/davis_simple.o:E:/xfOpenCV/wksp_2018_1/nnp_test/src/davis_simple.cpp:25: first defined here
d:/xilinx/sdk/2018.1/gnu/aarch32/nt/gcc-arm-linux-gnueabi/bin/../lib/gcc/arm-linux-gnueabihf/7.2.1/../../../../arm-linux-gnueabihf/bin/ld.exe: cannot find -lopencv_core
d:/xilinx/sdk/2018.1/gnu/aarch32/nt/gcc-arm-linux-gnueabi/bin/../lib/gcc/arm-linux-gnueabihf/7.2.1/../../../../arm-linux-gnueabihf/bin/ld.exe: cannot find -lopencv_imgcodecs
d:/xilinx/sdk/2018.1/gnu/aarch32/nt/gcc-arm-linux-gnueabi/bin/../lib/gcc/arm-linux-gnueabihf/7.2.1/../../../../arm-linux-gnueabihf/bin/ld.exe: cannot find -lusb-1.0
d:/xilinx/sdk/2018.1/gnu/aarch32/nt/gcc-arm-linux-gnueabi/bin/../lib/gcc/arm-linux-gnueabihf/7.2.1/../../../../arm-linux-gnueabihf/bin/ld.exe: cannot find -lopencv_imgproc
d:/xilinx/sdk/2018.1/gnu/aarch32/nt/gcc-arm-linux-gnueabi/bin/../lib/gcc/arm-linux-gnueabihf/7.2.1/../../../../arm-linux-gnueabihf/bin/ld.exe: cannot find -lcaer
collect2.exe: error: ld returned 1 exit status
ERROR: [SdsCompiler 83-5019] Exiting sds++ : Error when calling 'arm-linux-gnueabihf-g++     E:/xfOpenCV/wksp_2018_1/nnp_test/Debug/src/davis_simple.o E:/xfOpenCV/wksp_2018_1/nnp_test/Debug/src/main.o E:/xfOpenCV/wksp_2018_1/nnp_test/Debug/src/mmult_accel.o E:/xfOpenCV/wksp_2018_1/nnp_test/Debug/src/xf_dense_npyr_optical_flow_accel.o E:/xfOpenCV/wksp_2018_1/nnp_test/Debug/_sds/swstubs/portinfo.o --sysroot= -L=/lib -L=/usr/lib -Wl,-rpath-link=/lib,-rpath-link=/usr/lib -lopencv_core -lopencv_imgcodecs -lusb-1.0 -lopencv_imgproc -lcaer   -L D:/Xilinx/SDx/2018.1/target/aarch32-linux/lib -LE:/xfOpenCV/wksp_2018_1/nnp_test/Debug/_sds/swstubs -Wl,--start-group  -Wl,--end-group -Wl,--start-group    -lpthread -lsds_lib -lxlnk_stub  -Wl,--end-group -o E:/xfOpenCV/wksp_2018_1/nnp_test/Debug/_sds/swstubs/nnp_test.elf'
sds++ log file saved as E:/xfOpenCV/wksp_2018_1/nnp_test/Debug/_sds/reports/sds.log
ERROR: [SdsCompiler 83-5004] Build failed

make: *** [nnp_test.elf] Error 1
